<!DOCTYPE html>
<html lang="en">
<head>
    <meta charset="UTF-8">
    <meta http-equiv="X-UA-Compatible" content="IE=edge">
    <meta name="viewport" content="width=device-width, initial-scale=1.0">
    <title>Image Browser</title>
    <link rel="stylesheet" href="/static/browser.css">
</head>
<body>
    <ul>
        
        <li>
            <img src="/image/one.png" alt="one.png" loading="lazy">
        </li>
        
        <li>
            <img src="/image/safe/one.png" alt="safe/one.png" loading="lazy">
        </li>
        
        <li>
            <img src="/image/two.png" alt="two.png" loading="lazy">
        </li>
        
        <li>
            <img src="/image/unsafe/one.jpg" alt="unsafe/one.jpg" loading="lazy">
        </li>
        
    </ul>
    <a href="/?page=0#" data-disable="true">></a>
</body>
</html>