<!DOCTYPE html>
<html lang="en">
<head>
    <meta charset="UTF-8">
    <meta http-equiv="X-UA-Compatible" content="IE=edge">
    <meta name="viewport" content="width=device-width, initial-scale=1.0">
    <title>Image Browser</title>
    <link rel="stylesheet" href="/static/browser.css">
</head>
<body>
    <ul>
        
        <li>
            <img src="/image/picOne.jpg" alt="picOne.jpg" loading="lazy">
        </li>
        
        <li>
            <img src="/image/picTwo.png" alt="picTwo.png" loading="lazy">
        </li>
        
        <li>
            <img src="/image/picThree.webp" alt="picThree.webp" loading="lazy">
        </li>
        
    </ul>
    <a href="/?page=1#" data-disable="false">></a>
</body>
</html>